src/components/ImageSelector.tsx(61,21): error TS2322: Type '{ children: string; onPress: () => Promise<void>; startContent: Element; className: string; }' is not assignable to type 'IntrinsicAttributes & (ButtonRootProps & RefAttributes<View>)'.
  Property 'startContent' does not exist on type 'IntrinsicAttributes & (ButtonRootProps & RefAttributes<View>)'.
src/components/ImageSelector.tsx(69,21): error TS2322: Type '{ children: string; onPress: () => Promise<void>; startContent: Element; className: string; }' is not assignable to type 'IntrinsicAttributes & (ButtonRootProps & RefAttributes<View>)'.
  Property 'startContent' does not exist on type 'IntrinsicAttributes & (ButtonRootProps & RefAttributes<View>)'.
